main.c:100:5:main	8	static
main.c:158:6:SystemClock_Config	136	static
main.c:213:13:MX_ADC1_Init	24	static
main.c:263:13:MX_CAN1_Init	8	static
main.c:300:13:MX_I2C1_Init	8	static
main.c:346:13:MX_RTC_Init	32	static
main.c:414:13:MX_SDIO_SD_Init	8	static
main.c:450:13:MX_SPI1_Init	8	static
main.c:488:13:MX_TIM1_Init	96	static
main.c:575:13:MX_TIM2_Init	64	static
main.c:646:13:MX_TIM4_Init	64	static
main.c:717:13:MX_TIM9_Init	56	static
main.c:773:13:MX_TIM12_Init	56	static
main.c:829:13:MX_TIM13_Init	40	static
main.c:875:13:MX_TIM14_Init	40	static
main.c:921:13:MX_UART7_Init	8	static
main.c:954:13:MX_GPIO_Init	64	static
main.c:1018:6:Error_Handler	4	static,ignoring_inline_asm
